BQACAgQAAx0Cdg9GRQADBWTtuiyvN5OErSBuXGRBMFDst5bJAAJnEAACVBhoU-AKRjxL7QrnMAQ
BQACAgQAAx0Cdg9GRQADCGTtvEtmEIiFnmuLvyPYbeSOaujxAAKDDwACw55wUifOqSxlHPO5MAQ
BQACAgQAAx0Cdg9GRQADCWTtvFm7bTchtjhk3MRY8X-XMktFAAKDDwACw55wUifOqSxlHPO5MAQ
BQACAgQAAx0Cdg9GRQADCmTtvFkZ_6Z1qkuxRFpOH98IvnmMAAKEDwACw55wUij1M0Ov3hfhMAQ
